===============================================================
CivicCast cleanroom — full install-gate run
===============================================================
  repo:    /work/civiccast
  python:  Python 3.12.13
  node:    v20.20.2
  npm:     10.8.2
  ffmpeg:  ffmpeg version 5.1.8-0+deb12u1 Copyright (c) 2000-2025 the FFmpeg developers
  git rev: cefe97d
===============================================================

>>> [0/6] Copying source into writable workdir + normalizing line endings

>>> [1/6] uv sync (matches CI's resolution from uv.lock)
Using CPython 3.12.13 interpreter at: /usr/local/bin/python3
Removed virtual environment at: .venv
Creating virtual environment at: .venv
Resolved 87 packages in 1ms
   Building civiccast @ file:///tmp/cleanroom-work
Downloading mypy (14.3MiB)
Downloading ast-serialize (1.2MiB)
Downloading cryptography (4.5MiB)
Downloading virtualenv (7.2MiB)
Downloading ruff (10.8MiB)
Downloading psycopg-binary (4.9MiB)
Downloading pygments (1.2MiB)
Downloading sqlalchemy (3.2MiB)
Downloading uvloop (4.2MiB)
Downloading moto (6.4MiB)
Downloading pydantic-core (2.0MiB)
Downloading botocore (14.3MiB)
 Downloaded ast-serialize
 Downloaded pygments
 Downloaded pydantic-core
 Downloaded sqlalchemy
 Downloaded uvloop
 Downloaded cryptography
 Downloaded psycopg-binary
 Downloaded moto
 Downloaded virtualenv
 Downloaded ruff
 Downloaded botocore
 Downloaded mypy
      Built civiccast @ file:///tmp/cleanroom-work
Prepared 84 packages in 3.72s
Installed 84 packages in 461ms
 + alembic==1.18.4
 + annotated-doc==0.0.4
 + annotated-types==0.7.0
 + anyio==4.13.0
 + ast-serialize==0.3.0
 + boto3==1.43.6
 + botocore==1.43.6
 + certifi==2026.4.22
 + cffi==2.0.0
 + cfgv==3.5.0
 + charset-normalizer==3.4.7
 + civiccast==0.3.0.dev0 (from file:///tmp/cleanroom-work)
 + click==8.3.3
 + coverage==7.13.5
 + cryptography==48.0.0
 + distlib==0.4.0
 + docker==7.1.0
 + fastapi==0.136.1
 + filelock==3.29.0
 + greenlet==3.5.0
 + h11==0.16.0
 + httpcore==1.0.9
 + httptools==0.7.1
 + httpx==0.28.1
 + hypothesis==6.152.4
 + identify==2.6.19
 + idna==3.13
 + iniconfig==2.3.0
 + jmespath==1.1.0
 + librt==0.10.0
 + mako==1.3.12
 + markdown-it-py==4.2.0
 + markupsafe==3.0.3
 + mdurl==0.1.2
 + moto==5.2.0
 + mypy==2.0.0
 + mypy-extensions==1.1.0
 + nodeenv==1.10.0
 + nvidia-ml-py==13.595.45
 + packaging==26.2
 + pathspec==1.1.1
 + platformdirs==4.9.6
 + pluggy==1.6.0
 + pre-commit==4.6.0
 + psutil==7.2.2
 + psycopg==3.3.4
 + psycopg-binary==3.3.4
 + py-partiql-parser==0.6.3
 + pycparser==3.0
 + pydantic==2.13.4
 + pydantic-core==2.46.4
 + pygments==2.20.0
 + pytest==9.0.3
 + pytest-asyncio==1.3.0
 + pytest-cov==7.1.0
 + python-dateutil==2.9.0.post0
 + python-discovery==1.3.0
 + python-dotenv==1.2.2
 + python-multipart==0.0.27
 + pyyaml==6.0.3
 + requests==2.33.1
 + responses==0.26.0
 + rich==15.0.0
 + ruff==0.15.12
 + s3transfer==0.17.0
 + shellingham==1.5.4
 + six==1.17.0
 + sortedcontainers==2.4.0
 + sqlalchemy==2.0.49
 + starlette==1.0.0
 + testcontainers==4.14.2
 + typer==0.25.1
 + types-psutil==7.2.2.20260508
 + typing-extensions==4.15.0
 + typing-inspection==0.4.2
 + urllib3==2.7.0
 + uvicorn==0.46.0
 + uvloop==0.22.1
 + virtualenv==21.3.1
 + watchfiles==1.1.1
 + websockets==16.0
 + werkzeug==3.1.8
 + wrapt==2.1.2
 + xmltodict==1.0.4

>>> [2/6] ruff check + ruff format check + mypy strict
All checks passed!
89 files already formatted
Success: no issues found in 37 source files

>>> [3/6] pytest (full suite, INCLUDING real-ffmpeg integration)
........................................................................ [ 16%]
........................................................................ [ 33%]
........................................................................ [ 49%]
........................................................................ [ 66%]
........................................................................ [ 82%]
........................................................................ [ 99%]
...                                                                      [100%]
435 passed in 21.01s

>>> [4/6] Real packager end-to-end: encode a 5s testsrc MP4
-rw-r--r-- 1 root root 120K May 10 22:38 /tmp/cleanroom-sample/sample.mp4
Manifest: /tmp/cleanroom-hls/playlist.m3u8
Renditions: 5
  - 1080p: 1 segments
  - 720p: 1 segments
  - 480p: 1 segments
  - 240p: 1 segments
  - slate: 3 segments

OK — manifest contains slate at BANDWIDTH=50000000 with 5 variants.

>>> [5/6] Portal build + a11y from clean npm install

added 178 packages in 4s
Downloading Chrome for Testing 147.0.7727.15 (playwright chromium v1217) from https://cdn.playwright.dev/builds/cft/147.0.7727.15/linux64/chrome-linux64.zip
|                                                                                |   0% of 170.4 MiB
|■■■■■■■■                                                                        |  10% of 170.4 MiB
|■■■■■■■■■■■■■■■■                                                                |  20% of 170.4 MiB
|■■■■■■■■■■■■■■■■■■■■■■■■                                                        |  30% of 170.4 MiB
|■■■■■■■■■■■■■■■■■■■■■■■■■■■■■■■■                                                |  40% of 170.4 MiB
|■■■■■■■■■■■■■■■■■■■■■■■■■■■■■■■■■■■■■■■■                                        |  50% of 170.4 MiB
|■■■■■■■■■■■■■■■■■■■■■■■■■■■■■■■■■■■■■■■■■■■■■■■■                                |  60% of 170.4 MiB
|■■■■■■■■■■■■■■■■■■■■■■■■■■■■■■■■■■■■■■■■■■■■■■■■■■■■■■■■                        |  70% of 170.4 MiB
|■■■■■■■■■■■■■■■■■■■■■■■■■■■■■■■■■■■■■■■■■■■■■■■■■■■■■■■■■■■■■■■■                |  80% of 170.4 MiB
|■■■■■■■■■■■■■■■■■■■■■■■■■■■■■■■■■■■■■■■■■■■■■■■■■■■■■■■■■■■■■■■■■■■■■■■■        |  90% of 170.4 MiB
|■■■■■■■■■■■■■■■■■■■■■■■■■■■■■■■■■■■■■■■■■■■■■■■■■■■■■■■■■■■■■■■■■■■■■■■■■■■■■■■■| 100% of 170.4 MiB
Chrome for Testing 147.0.7727.15 (playwright chromium v1217) downloaded to /root/.cache/ms-playwright/chromium-1217
Downloading FFmpeg (playwright ffmpeg v1011) from https://cdn.playwright.dev/dbazure/download/playwright/builds/ffmpeg/1011/ffmpeg-linux.zip
|                                                                                |   0% of 2.3 MiB
|■■■■■■■■                                                                        |  10% of 2.3 MiB
|■■■■■■■■■■■■■■■■                                                                |  20% of 2.3 MiB
|■■■■■■■■■■■■■■■■■■■■■■■■                                                        |  30% of 2.3 MiB
|■■■■■■■■■■■■■■■■■■■■■■■■■■■■■■■■                                                |  40% of 2.3 MiB
|■■■■■■■■■■■■■■■■■■■■■■■■■■■■■■■■■■■■■■■■                                        |  50% of 2.3 MiB
|■■■■■■■■■■■■■■■■■■■■■■■■■■■■■■■■■■■■■■■■■■■■■■■■                                |  60% of 2.3 MiB
|■■■■■■■■■■■■■■■■■■■■■■■■■■■■■■■■■■■■■■■■■■■■■■■■■■■■■■■■                        |  70% of 2.3 MiB
|■■■■■■■■■■■■■■■■■■■■■■■■■■■■■■■■■■■■■■■■■■■■■■■■■■■■■■■■■■■■■■■■                |  80% of 2.3 MiB
|■■■■■■■■■■■■■■■■■■■■■■■■■■■■■■■■■■■■■■■■■■■■■■■■■■■■■■■■■■■■■■■■■■■■■■■■        |  90% of 2.3 MiB
|■■■■■■■■■■■■■■■■■■■■■■■■■■■■■■■■■■■■■■■■■■■■■■■■■■■■■■■■■■■■■■■■■■■■■■■■■■■■■■■■| 100% of 2.3 MiB
FFmpeg (playwright ffmpeg v1011) downloaded to /root/.cache/ms-playwright/ffmpeg-1011
Downloading Chrome Headless Shell 147.0.7727.15 (playwright chromium-headless-shell v1217) from https://cdn.playwright.dev/builds/cft/147.0.7727.15/linux64/chrome-headless-shell-linux64.zip
|                                                                                |   0% of 112 MiB
|■■■■■■■■                                                                        |  10% of 112 MiB
|■■■■■■■■■■■■■■■■                                                                |  20% of 112 MiB
|■■■■■■■■■■■■■■■■■■■■■■■■                                                        |  30% of 112 MiB
|■■■■■■■■■■■■■■■■■■■■■■■■■■■■■■■■                                                |  40% of 112 MiB
|■■■■■■■■■■■■■■■■■■■■■■■■■■■■■■■■■■■■■■■■                                        |  50% of 112 MiB
|■■■■■■■■■■■■■■■■■■■■■■■■■■■■■■■■■■■■■■■■■■■■■■■■                                |  60% of 112 MiB
|■■■■■■■■■■■■■■■■■■■■■■■■■■■■■■■■■■■■■■■■■■■■■■■■■■■■■■■■                        |  70% of 112 MiB
|■■■■■■■■■■■■■■■■■■■■■■■■■■■■■■■■■■■■■■■■■■■■■■■■■■■■■■■■■■■■■■■■                |  80% of 112 MiB
|■■■■■■■■■■■■■■■■■■■■■■■■■■■■■■■■■■■■■■■■■■■■■■■■■■■■■■■■■■■■■■■■■■■■■■■■        |  90% of 112 MiB
|■■■■■■■■■■■■■■■■■■■■■■■■■■■■■■■■■■■■■■■■■■■■■■■■■■■■■■■■■■■■■■■■■■■■■■■■■■■■■■■■| 100% of 112 MiB
Chrome Headless Shell 147.0.7727.15 (playwright chromium-headless-shell v1217) downloaded to /root/.cache/ms-playwright/chromium_headless_shell-1217

> portal-public@0.0.0 build
> tsc -b && vite build

vite v8.0.11 building client environment for production...
[2K
transforming...✓ 19 modules transformed.
rendering chunks...
computing gzip size...
dist/index.html                   0.59 kB │ gzip:   0.36 kB
dist/assets/index-M-uBdA1W.css   13.68 kB │ gzip:   3.37 kB
dist/assets/index-DhO1N1bN.js   195.09 kB │ gzip:  61.91 kB
dist/assets/hls-0EiSYoTw.js     508.78 kB │ gzip: 157.29 kB

✓ built in 336ms
[plugin builtin:vite-reporter]
(!) Some chunks are larger than 500 kB after minification. Consider:
- Using dynamic import() to code-split the application
- Use build.rolldownOptions.output.codeSplitting to improve chunking: https://rolldown.rs/reference/OutputOptions.codeSplitting
- Adjust chunk size limit for this warning via build.chunkSizeWarningLimit.

> portal-public@0.0.0 test:a11y
> playwright test --grep-invert @cleanroom


Running 3 tests using 3 workers

  ✓  1 [chromium] › e2e/a11y.spec.ts:59:3 › public portal accessibility › player has an accessible name (263ms)
  ✓  2 [chromium] › e2e/a11y.spec.ts:53:3 › public portal accessibility › main landmark and h1 are present and unique (276ms)
  ✓  3 [chromium] › e2e/a11y.spec.ts:23:3 › public portal accessibility › default landing has no serious or critical axe violations (952ms)

  3 passed (3.5s)

>>> [6/6] End-to-end: serve built portal + load encoded asset in headless Chromium

> portal-public@0.0.0 test:cleanroom
> playwright test --grep @cleanroom


Running 2 tests using 2 workers

  ✓  1 [chromium] › e2e/cleanroom-e2e.spec.ts:17:3 › @cleanroom packager-to-portal end-to-end › locally-encoded asset plays through hls.js to readyState>=3 (288ms)
  ✓  2 [chromium] › e2e/cleanroom-e2e.spec.ts:59:3 › @cleanroom packager-to-portal end-to-end › @cleanroom no console errors during playback (280ms)

  2 passed (2.6s)

>>> [7/7] Real-Postgres schedule contract (testcontainers via mounted docker.sock)
============================= test session starts ==============================
platform linux -- Python 3.12.13, pytest-9.0.3, pluggy-1.6.0 -- /tmp/cleanroom-work/.venv/bin/python
cachedir: .pytest_cache
hypothesis profile 'default'
rootdir: /tmp/cleanroom-work
configfile: pyproject.toml
plugins: cov-7.1.0, anyio-4.13.0, asyncio-1.3.0, hypothesis-6.152.4
asyncio: mode=Mode.AUTO, debug=False, asyncio_default_fixture_loop_scope=function, asyncio_default_test_loop_scope=function
collecting ... collected 10 items

tests/schedule/test_real_postgres.py::TestRealPostgresSchemaNamespace::test_civiccast_assets_table_exists_in_information_schema PASSED [ 10%]
tests/schedule/test_real_postgres.py::TestRealPostgresAlembicVersionTable::test_alembic_version_table_in_civiccast_schema PASSED [ 20%]
tests/schedule/test_real_postgres.py::TestRealPostgresStoreListAndCreate::test_list_round_trip_against_real_postgres PASSED [ 30%]
tests/schedule/test_real_postgres.py::TestRealPostgresStoreListAndCreate::test_create_round_trip_against_real_postgres PASSED [ 40%]
tests/schedule/test_real_postgres.py::TestRealPostgresDowngradeCleansSchema::test_downgrade_base_removes_assets_from_civiccast_schema PASSED [ 50%]
tests/schedule/test_real_postgres.py::TestRealPostgresScheduleConflictDetection::test_overlapping_live_on_same_channel_rejected PASSED [ 60%]
tests/schedule/test_real_postgres.py::TestRealPostgresScheduleConflictDetection::test_non_overlapping_same_channel_succeeds PASSED [ 70%]
tests/schedule/test_real_postgres.py::TestRealPostgresScheduleConflictDetection::test_overlapping_different_channels_succeeds PASSED [ 80%]
tests/schedule/test_real_postgres.py::TestRealPostgresScheduleConflictDetection::test_embargo_never_conflicts PASSED [ 90%]
tests/schedule/test_real_postgres.py::TestRealPostgresScheduleConflictDetection::test_cancelled_event_frees_the_slot PASSED [100%]

============================== 10 passed in 6.07s ==============================

===============================================================
✅ CivicCast cleanroom: ALL GATES GREEN
===============================================================
