CTRL reload: new leg stream held at its first buffer (1 stream(s) still to preroll) (reload_id=1)
CTRL reload: new leg stream held at its first buffer (0 stream(s) still to preroll) (reload_id=1)
CTRL reload: new leg preroll verified (reload_id=1) held_streams=2 timing=finite mode=deferred
CTRL reload: firing (reload_id=1)
CTRL reload: finite switch rebased to running time 359.792s mode=deferred streams=2 reload_id=1
CTRL reload: switching selector
CTRL reload: holds released
CTRL reload: old leg disposed
CTRL reload committed (elements=132)
CTRL reload: new leg stream held at its first buffer (1 stream(s) still to preroll) (reload_id=2)
CTRL reload: new leg stream held at its first buffer (0 stream(s) still to preroll) (reload_id=2)
CTRL reload: new leg preroll verified (reload_id=2) held_streams=2 timing=finite mode=deferred
CTRL reload: firing (reload_id=2)
CTRL reload: finite switch rebased to running time 719.328s mode=deferred streams=2 reload_id=2
CTRL reload: switching selector
CTRL reload: holds released
CTRL reload: old leg disposed
CTRL reload committed (elements=132)
CTRL reload: new leg stream held at its first buffer (1 stream(s) still to preroll) (reload_id=3)
CTRL reload: new leg stream held at its first buffer (0 stream(s) still to preroll) (reload_id=3)
CTRL reload: new leg preroll verified (reload_id=3) held_streams=2 timing=finite mode=immediate
CTRL reload: firing (reload_id=3)
CTRL reload: finite switch rebased to running time 808.124s mode=immediate streams=2 reload_id=3
CTRL reload: switching selector
CTRL reload: holds released
CTRL reload: contained retiring old-leg error after confirmed selector handoff (source=tsdemux31): gst-stream-error-quark: Internal data stream error. (1)
CTRL reload: contained retiring old-leg error after confirmed selector handoff (source=tsdemux30): gst-stream-error-quark: Internal data stream error. (1)
CTRL reload: contained retiring old-leg error after confirmed selector handoff (source=tsdemux34): gst-stream-error-quark: Internal data stream error. (1)
CTRL reload: contained retiring old-leg error after confirmed selector handoff (source=tsdemux33): gst-stream-error-quark: Internal data stream error. (1)
CTRL reload: old leg disposed
CTRL reload committed (elements=33)
CTRL reload: new leg stream held at its first buffer (1 stream(s) still to preroll) (reload_id=4)
CTRL reload: new leg stream held at its first buffer (0 stream(s) still to preroll) (reload_id=4)
CTRL reload: new leg preroll verified (reload_id=4) held_streams=2 timing=finite mode=deferred
CTRL reload: firing (reload_id=4)
CTRL reload: finite switch rebased to running time 1104.487s mode=deferred streams=2 reload_id=4
CTRL reload: switching selector
CTRL reload: holds released
CTRL reload: old leg disposed
CTRL reload committed (elements=33)
